Archive member included to satisfy reference by file (symbol)

c:/gcc/gcc-arm-none-eabi-10.3-2021.10/bin/../lib/gcc/arm-none-eabi/10.3.1/thumb/v7e-m+fp/hard\libgcc.a(_arm_addsubdf3.o)
                              ./build/Debug/.obj/__/__/__/__/__/__/drivers/hc32_ll_driver/src/hc32_ll_usart.o (__aeabi_ui2d)
c:/gcc/gcc-arm-none-eabi-10.3-2021.10/bin/../lib/gcc/arm-none-eabi/10.3.1/thumb/v7e-m+fp/hard\libgcc.a(_arm_muldivdf3.o)
                              ./build/Debug/.obj/__/__/__/__/__/__/drivers/hc32_ll_driver/src/hc32_ll_usart.o (__aeabi_ddiv)
c:/gcc/gcc-arm-none-eabi-10.3-2021.10/bin/../lib/gcc/arm-none-eabi/10.3.1/thumb/v7e-m+fp/hard\libgcc.a(_arm_truncdfsf2.o)
                              ./build/Debug/.obj/__/__/__/__/__/__/drivers/hc32_ll_driver/src/hc32_ll_usart.o (__aeabi_d2f)
c:/gcc/gcc-arm-none-eabi-10.3-2021.10/bin/../lib/gcc/arm-none-eabi/10.3.1/thumb/v7e-m+fp/hard\libgcc.a(_aeabi_uldivmod.o)
                              ./build/Debug/.obj/__/__/__/__/__/__/drivers/hc32_ll_driver/src/hc32_ll_usart.o (__aeabi_uldivmod)
c:/gcc/gcc-arm-none-eabi-10.3-2021.10/bin/../lib/gcc/arm-none-eabi/10.3.1/thumb/v7e-m+fp/hard\libgcc.a(_udivmoddi4.o)
                              c:/gcc/gcc-arm-none-eabi-10.3-2021.10/bin/../lib/gcc/arm-none-eabi/10.3.1/thumb/v7e-m+fp/hard\libgcc.a(_aeabi_uldivmod.o) (__udivmoddi4)
c:/gcc/gcc-arm-none-eabi-10.3-2021.10/bin/../lib/gcc/arm-none-eabi/10.3.1/thumb/v7e-m+fp/hard\libgcc.a(_dvmd_tls.o)
                              c:/gcc/gcc-arm-none-eabi-10.3-2021.10/bin/../lib/gcc/arm-none-eabi/10.3.1/thumb/v7e-m+fp/hard\libgcc.a(_aeabi_uldivmod.o) (__aeabi_ldiv0)
c:/gcc/gcc-arm-none-eabi-10.3-2021.10/bin/../lib/gcc/arm-none-eabi/10.3.1/../../../../arm-none-eabi/lib/thumb/v7e-m+fp/hard\libc_nano.a(lib_a-vsnprintf.o)
                              ./build/Debug/.obj/__/source/main.o (vsnprintf)
c:/gcc/gcc-arm-none-eabi-10.3-2021.10/bin/../lib/gcc/arm-none-eabi/10.3.1/../../../../arm-none-eabi/lib/thumb/v7e-m+fp/hard\libc_nano.a(lib_a-impure.o)
                              c:/gcc/gcc-arm-none-eabi-10.3-2021.10/bin/../lib/gcc/arm-none-eabi/10.3.1/../../../../arm-none-eabi/lib/thumb/v7e-m+fp/hard\libc_nano.a(lib_a-vsnprintf.o) (_impure_ptr)
c:/gcc/gcc-arm-none-eabi-10.3-2021.10/bin/../lib/gcc/arm-none-eabi/10.3.1/../../../../arm-none-eabi/lib/thumb/v7e-m+fp/hard\libc_nano.a(lib_a-nano-svfprintf.o)
                              c:/gcc/gcc-arm-none-eabi-10.3-2021.10/bin/../lib/gcc/arm-none-eabi/10.3.1/../../../../arm-none-eabi/lib/thumb/v7e-m+fp/hard\libc_nano.a(lib_a-vsnprintf.o) (_svfprintf_r)
c:/gcc/gcc-arm-none-eabi-10.3-2021.10/bin/../lib/gcc/arm-none-eabi/10.3.1/../../../../arm-none-eabi/lib/thumb/v7e-m+fp/hard\libc_nano.a(lib_a-nano-vfprintf_i.o)
                              c:/gcc/gcc-arm-none-eabi-10.3-2021.10/bin/../lib/gcc/arm-none-eabi/10.3.1/../../../../arm-none-eabi/lib/thumb/v7e-m+fp/hard\libc_nano.a(lib_a-nano-svfprintf.o) (_printf_i)
c:/gcc/gcc-arm-none-eabi-10.3-2021.10/bin/../lib/gcc/arm-none-eabi/10.3.1/../../../../arm-none-eabi/lib/thumb/v7e-m+fp/hard\libc_nano.a(lib_a-memchr.o)
                              c:/gcc/gcc-arm-none-eabi-10.3-2021.10/bin/../lib/gcc/arm-none-eabi/10.3.1/../../../../arm-none-eabi/lib/thumb/v7e-m+fp/hard\libc_nano.a(lib_a-nano-svfprintf.o) (memchr)
c:/gcc/gcc-arm-none-eabi-10.3-2021.10/bin/../lib/gcc/arm-none-eabi/10.3.1/../../../../arm-none-eabi/lib/thumb/v7e-m+fp/hard\libc_nano.a(lib_a-memcpy-stub.o)
                              c:/gcc/gcc-arm-none-eabi-10.3-2021.10/bin/../lib/gcc/arm-none-eabi/10.3.1/../../../../arm-none-eabi/lib/thumb/v7e-m+fp/hard\libc_nano.a(lib_a-nano-svfprintf.o) (memcpy)
c:/gcc/gcc-arm-none-eabi-10.3-2021.10/bin/../lib/gcc/arm-none-eabi/10.3.1/../../../../arm-none-eabi/lib/thumb/v7e-m+fp/hard\libc_nano.a(lib_a-memmove.o)
                              c:/gcc/gcc-arm-none-eabi-10.3-2021.10/bin/../lib/gcc/arm-none-eabi/10.3.1/../../../../arm-none-eabi/lib/thumb/v7e-m+fp/hard\libc_nano.a(lib_a-nano-svfprintf.o) (memmove)
c:/gcc/gcc-arm-none-eabi-10.3-2021.10/bin/../lib/gcc/arm-none-eabi/10.3.1/../../../../arm-none-eabi/lib/thumb/v7e-m+fp/hard\libc_nano.a(lib_a-nano-freer.o)
                              c:/gcc/gcc-arm-none-eabi-10.3-2021.10/bin/../lib/gcc/arm-none-eabi/10.3.1/../../../../arm-none-eabi/lib/thumb/v7e-m+fp/hard\libc_nano.a(lib_a-nano-svfprintf.o) (_free_r)
c:/gcc/gcc-arm-none-eabi-10.3-2021.10/bin/../lib/gcc/arm-none-eabi/10.3.1/../../../../arm-none-eabi/lib/thumb/v7e-m+fp/hard\libc_nano.a(lib_a-nano-mallocr.o)
                              c:/gcc/gcc-arm-none-eabi-10.3-2021.10/bin/../lib/gcc/arm-none-eabi/10.3.1/../../../../arm-none-eabi/lib/thumb/v7e-m+fp/hard\libc_nano.a(lib_a-nano-svfprintf.o) (_malloc_r)
c:/gcc/gcc-arm-none-eabi-10.3-2021.10/bin/../lib/gcc/arm-none-eabi/10.3.1/../../../../arm-none-eabi/lib/thumb/v7e-m+fp/hard\libc_nano.a(lib_a-nano-reallocr.o)
[...]
Memory Configuration

Name             Origin             Length             Attributes
FLASH            0x00000000         0x00080000         xr
OTP_DATA         0x03000c00         0x00000040         xr
OTP_LOCK         0x03000fc0         0x00000004         xr
RAM              0x1fff8000         0x0002f000         xrw
RET_RAM          0x200f0000         0x00001000         xrw
*default*        0x00000000         0xffffffff

Linker script and memory map

LOAD ./build/Debug/.obj/__/__/__/__/__/__/drivers/bsp/ev_hc32f460_lqfp100_v2/ev_hc32f460_lqfp100_v2.o
LOAD ./build/Debug/.obj/__/__/__/__/__/__/drivers/cmsis/Device/HDSC/hc32f4xx/Source/system_hc32f460.o
LOAD ./build/Debug/.obj/__/__/__/__/__/__/drivers/hc32_ll_driver/src/hc32_ll.o
LOAD ./build/Debug/.obj/__/__/__/__/__/__/drivers/hc32_ll_driver/src/hc32_ll_clk.o
LOAD ./build/Debug/.obj/__/__/__/__/__/__/drivers/hc32_ll_driver/src/hc32_ll_efm.o
LOAD ./build/Debug/.obj/__/__/__/__/__/__/drivers/hc32_ll_driver/src/hc32_ll_fcg.o
LOAD ./build/Debug/.obj/__/__/__/__/__/__/drivers/hc32_ll_driver/src/hc32_ll_gpio.o
LOAD ./build/Debug/.obj/__/__/__/__/__/__/drivers/hc32_ll_driver/src/hc32_ll_icg.o
LOAD ./build/Debug/.obj/__/__/__/__/__/__/drivers/hc32_ll_driver/src/hc32_ll_interrupts.o
LOAD ./build/Debug/.obj/__/__/__/__/__/__/drivers/hc32_ll_driver/src/hc32_ll_keyscan.o
LOAD ./build/Debug/.obj/__/__/__/__/__/__/drivers/hc32_ll_driver/src/hc32_ll_pwc.o
LOAD ./build/Debug/.obj/__/__/__/__/__/__/drivers/hc32_ll_driver/src/hc32_ll_sram.o
LOAD ./build/Debug/.obj/__/__/__/__/__/__/drivers/hc32_ll_driver/src/hc32_ll_usart.o
LOAD ./build/Debug/.obj/__/__/__/__/__/__/drivers/hc32_ll_driver/src/hc32_ll_utility.o
LOAD ./build/Debug/.obj/__/source/main.o
LOAD ./build/Debug/.obj/startup_hc32f460.o
LOAD c:/gcc/gcc-arm-none-eabi-10.3-2021.10/bin/../lib/gcc/arm-none-eabi/10.3.1/../../../../arm-none-eabi/lib/thumb/v7e-m+fp/hard\libm.a
START GROUP
LOAD c:/gcc/gcc-arm-none-eabi-10.3-2021.10/bin/../lib/gcc/arm-none-eabi/10.3.1/thumb/v7e-m+fp/hard\libgcc.a
LOAD c:/gcc/gcc-arm-none-eabi-10.3-2021.10/bin/../lib/gcc/arm-none-eabi/10.3.1/../../../../arm-none-eabi/lib/thumb/v7e-m+fp/hard\libc_nano.a
END GROUP
START GROUP
LOAD c:/gcc/gcc-arm-none-eabi-10.3-2021.10/bin/../lib/gcc/arm-none-eabi/10.3.1/thumb/v7e-m+fp/hard\libgcc.a
LOAD c:/gcc/gcc-arm-none-eabi-10.3-2021.10/bin/../lib/gcc/arm-none-eabi/10.3.1/../../../../arm-none-eabi/lib/thumb/v7e-m+fp/hard\libc_nano.a
LOAD c:/gcc/gcc-arm-none-eabi-10.3-2021.10/bin/../lib/gcc/arm-none-eabi/10.3.1/../../../../arm-none-eabi/lib/thumb/v7e-m+fp/hard\libnosys.a
END GROUP
START GROUP
LOAD c:/gcc/gcc-arm-none-eabi-10.3-2021.10/bin/../lib/gcc/arm-none-eabi/10.3.1/thumb/v7e-m+fp/hard\libgcc.a
LOAD c:/gcc/gcc-arm-none-eabi-10.3-2021.10/bin/../lib/gcc/arm-none-eabi/10.3.1/../../../../arm-none-eabi/lib/thumb/v7e-m+fp/hard\libc_nano.a
LOAD c:/gcc/gcc-arm-none-eabi-10.3-2021.10/bin/../lib/gcc/arm-none-eabi/10.3.1/../../../../arm-none-eabi/lib/thumb/v7e-m+fp/hard\libnosys.a
END GROUP
                0x03000c00                __OTP_DATA_START = 0x3000c00
                0x00000040                __OTP_DATA_SIZE = 0x40
                0x03000fc0                __OTP_LOCK_START = 0x3000fc0
                0x00000004                __OTP_LOCK_SIZE = 0x4

.vectors        0x00000000      0x280
                0x00000000                . = ALIGN (0x4)
 *(.vectors)
 .vectors       0x00000000      0x280 ./build/Debug/.obj/startup_hc32f460.o
                0x00000000                __Vectors
                0x00000280                __Vectors_End
                0x00000280                . = ALIGN (0x4)

.icg_sec        0x00000400       0x20
 *(.icg_sec)
 .icg_sec       0x00000400       0x20 ./build/Debug/.obj/__/__/__/__/__/__/drivers/hc32_ll_driver/src/hc32_ll_icg.o
                0x00000400                u32ICGValue

.text           0x00000420     0x4644
                0x00000420                . = ALIGN (0x4)
 *(.text)
 .text          0x00000420      0x378 c:/gcc/gcc-arm-none-eabi-10.3-2021.10/bin/../lib/gcc/arm-none-eabi/10.3.1/thumb/v7e-m+fp/hard\libgcc.a(_arm_addsubdf3.o)
                0x00000420                __aeabi_drsub
                0x00000428                __aeabi_dsub
                0x00000428                __subdf3
                0x0000042c                __aeabi_dadd
                0x0000042c                __adddf3
                0x000006a4                __floatunsidf
                0x000006a4                __aeabi_ui2d
                0x000006c4                __floatsidf
                0x000006c4                __aeabi_i2d
                0x000006e8                __aeabi_f2d
                0x000006e8                __extendsfdf2
                0x0000072c                __floatundidf
                0x0000072c                __aeabi_ul2d
                0x0000073c                __floatdidf
                0x0000073c                __aeabi_l2d
 .text          0x00000798      0x424 c:/gcc/gcc-arm-none-eabi-10.3-2021.10/bin/../lib/gcc/arm-none-eabi/10.3.1/thumb/v7e-m+fp/hard\libgcc.a(_arm_muldivdf3.o)
                0x00000798                __aeabi_dmul
                0x00000798                __muldf3
                0x000009ec                __divdf3
                0x000009ec                __aeabi_ddiv
 .text          0x00000bbc       0xa0 c:/gcc/gcc-arm-none-eabi-10.3-2021.10/bin/../lib/gcc/arm-none-eabi/10.3.1/thumb/v7e-m+fp/hard\libgcc.a(_arm_truncdfsf2.o)
                0x00000bbc                __truncdfsf2
                0x00000bbc                __aeabi_d2f
 .text          0x00000c5c       0x30 c:/gcc/gcc-arm-none-eabi-10.3-2021.10/bin/../lib/gcc/arm-none-eabi/10.3.1/thumb/v7e-m+fp/hard\libgcc.a(_aeabi_uldivmod.o)
                0x00000c5c                __aeabi_uldivmod
 .text          0x00000c8c      0x2d0 c:/gcc/gcc-arm-none-eabi-10.3-2021.10/bin/../lib/gcc/arm-none-eabi/10.3.1/thumb/v7e-m+fp/hard\libgcc.a(_udivmoddi4.o)
                0x00000c8c                __udivmoddi4
 .text          0x00000f5c        0x4 c:/gcc/gcc-arm-none-eabi-10.3-2021.10/bin/../lib/gcc/arm-none-eabi/10.3.1/thumb/v7e-m+fp/hard\libgcc.a(_dvmd_tls.o)
                0x00000f5c                __aeabi_idiv0
                0x00000f5c                __aeabi_ldiv0
 *(.text*)
 .text.BSP_CLK_Init
                0x00000f60       0xcc ./build/Debug/.obj/__/__/__/__/__/__/drivers/bsp/ev_hc32f460_lqfp100_v2/ev_hc32f460_lqfp100_v2.o
                0x00000f60                BSP_CLK_Init
 .text.BSP_LED_Init
                0x0000102c       0x4c ./build/Debug/.obj/__/__/__/__/__/__/drivers/bsp/ev_hc32f460_lqfp100_v2/ev_hc32f460_lqfp100_v2.o
                0x0000102c                BSP_LED_Init
 .text.BSP_LED_On
                0x00001078       0x54 ./build/Debug/.obj/__/__/__/__/__/__/drivers/bsp/ev_hc32f460_lqfp100_v2/ev_hc32f460_lqfp100_v2.o
                0x00001078                BSP_LED_On
 .text.SystemInit
                0x000010cc       0x28 ./build/Debug/.obj/__/__/__/__/__/__/drivers/cmsis/Device/HDSC/hc32f4xx/Source/system_hc32f460.o
                0x000010cc                SystemInit
 .text.SystemCoreClockUpdate
                0x000010f4      0x110 ./build/Debug/.obj/__/__/__/__/__/__/drivers/cmsis/Device/HDSC/hc32f4xx/Source/system_hc32f460.o
                0x000010f4                SystemCoreClockUpdate
 .text.EFM_REG_Unlock
                0x00001204       0x24 ./build/Debug/.obj/__/__/__/__/__/__/drivers/hc32_ll_driver/src/hc32_ll.o
 .text.EFM_REG_Lock
                0x00001228       0x18 ./build/Debug/.obj/__/__/__/__/__/__/drivers/hc32_ll_driver/src/hc32_ll.o
 .text.GPIO_REG_Lock
                0x00001240       0x1c ./build/Debug/.obj/__/__/__/__/__/__/drivers/hc32_ll_driver/src/hc32_ll.o
 .text.GPIO_REG_Unlock
                0x0000125c       0x1c ./build/Debug/.obj/__/__/__/__/__/__/drivers/hc32_ll_driver/src/hc32_ll.o
 .text.PWC_REG_Lock
                0x00001278       0x44 ./build/Debug/.obj/__/__/__/__/__/__/drivers/hc32_ll_driver/src/hc32_ll.o
 .text.PWC_REG_Unlock
                0x000012bc       0x38 ./build/Debug/.obj/__/__/__/__/__/__/drivers/hc32_ll_driver/src/hc32_ll.o
 .text.PWC_FCG0_REG_Lock
                0x000012f4       0x1c ./build/Debug/.obj/__/__/__/__/__/__/drivers/hc32_ll_driver/src/hc32_ll.o
 .text.PWC_FCG0_REG_Unlock
                0x00001310       0x1c ./build/Debug/.obj/__/__/__/__/__/__/drivers/hc32_ll_driver/src/hc32_ll.o
 .text.SRAM_REG_Lock
                0x0000132c       0x20 ./build/Debug/.obj/__/__/__/__/__/__/drivers/hc32_ll_driver/src/hc32_ll.o
 .text.SRAM_REG_Unlock
                0x0000134c       0x20 ./build/Debug/.obj/__/__/__/__/__/__/drivers/hc32_ll_driver/src/hc32_ll.o
 .text.LL_PERIPH_WE
                0x0000136c       0x6c ./build/Debug/.obj/__/__/__/__/__/__/drivers/hc32_ll_driver/src/hc32_ll.o
                0x0000136c                LL_PERIPH_WE
 .text.LL_PERIPH_WP
                0x000013d8       0x6c ./build/Debug/.obj/__/__/__/__/__/__/drivers/hc32_ll_driver/src/hc32_ll.o
                0x000013d8                LL_PERIPH_WP
 .text.CLK_Delay
                0x00001444       0x2a ./build/Debug/.obj/__/__/__/__/__/__/drivers/hc32_ll_driver/src/hc32_ll_clk.o
 .text.CLK_WaitStable
                0x0000146e       0x44 ./build/Debug/.obj/__/__/__/__/__/__/drivers/hc32_ll_driver/src/hc32_ll_clk.o
 *fill*         0x000014b2        0x2 
 .text.SetSysClockSrc
                0x000014b4      0x16c ./build/Debug/.obj/__/__/__/__/__/__/drivers/hc32_ll_driver/src/hc32_ll_clk.o
 .text.SetSysClockDiv
                0x00001620      0x3d8 ./build/Debug/.obj/__/__/__/__/__/__/drivers/hc32_ll_driver/src/hc32_ll_clk.o
 .text.CLK_XtalStructInit
                0x000019f8       0x46 ./build/Debug/.obj/__/__/__/__/__/__/drivers/hc32_ll_driver/src/hc32_ll_clk.o
                0x000019f8                CLK_XtalStructInit
 *fill*         0x00001a3e        0x2 
 .text.CLK_XtalInit
                0x00001a40      0x154 ./build/Debug/.obj/__/__/__/__/__/__/drivers/hc32_ll_driver/src/hc32_ll_clk.o
                0x00001a40                CLK_XtalInit
 .text.CLK_XtalCmd
                0x00001b94       0xc0 ./build/Debug/.obj/__/__/__/__/__/__/drivers/hc32_ll_driver/src/hc32_ll_clk.o
                0x00001b94                CLK_XtalCmd
 .text.CLK_PLLStructInit
                0x00001c54       0x78 ./build/Debug/.obj/__/__/__/__/__/__/drivers/hc32_ll_driver/src/hc32_ll_clk.o
                0x00001c54                CLK_PLLStructInit
 .text.CLK_PLLInit
                0x00001ccc      0x2cc ./build/Debug/.obj/__/__/__/__/__/__/drivers/hc32_ll_driver/src/hc32_ll_clk.o
                0x00001ccc                CLK_PLLInit
 .text.CLK_PLLCmd
                0x00001f98       0xc4 ./build/Debug/.obj/__/__/__/__/__/__/drivers/hc32_ll_driver/src/hc32_ll_clk.o
                0x00001f98                CLK_PLLCmd
 .text.CLK_GetStableStatus
                0x0000205c       0x50 ./build/Debug/.obj/__/__/__/__/__/__/drivers/hc32_ll_driver/src/hc32_ll_clk.o
                0x0000205c                CLK_GetStableStatus
 .text.CLK_SetSysClockSrc
                0x000020ac       0x1e ./build/Debug/.obj/__/__/__/__/__/__/drivers/hc32_ll_driver/src/hc32_ll_clk.o
                0x000020ac                CLK_SetSysClockSrc
 .text.CLK_SetClockDiv
                0x000020ca       0x1e ./build/Debug/.obj/__/__/__/__/__/__/drivers/hc32_ll_driver/src/hc32_ll_clk.o
                0x000020ca                CLK_SetClockDiv
 .text.EFM_SetWaitCycle
                0x000020e8       0x9c ./build/Debug/.obj/__/__/__/__/__/__/drivers/hc32_ll_driver/src/hc32_ll_efm.o
                0x000020e8                EFM_SetWaitCycle
 .text.FCG_Fcg1PeriphClockCmd
                0x00002184       0x70 ./build/Debug/.obj/__/__/__/__/__/__/drivers/hc32_ll_driver/src/hc32_ll_fcg.o
                0x00002184                FCG_Fcg1PeriphClockCmd
 .text.GPIO_Init
                0x000021f4      0x238 ./build/Debug/.obj/__/__/__/__/__/__/drivers/hc32_ll_driver/src/hc32_ll_gpio.o
                0x000021f4                GPIO_Init
 .text.GPIO_StructInit
                0x0000242c       0x5e ./build/Debug/.obj/__/__/__/__/__/__/drivers/hc32_ll_driver/src/hc32_ll_gpio.o
                0x0000242c                GPIO_StructInit
 *fill*         0x0000248a        0x2 
 .text.GPIO_SetFunc
                0x0000248c       0xe0 ./build/Debug/.obj/__/__/__/__/__/__/drivers/hc32_ll_driver/src/hc32_ll_gpio.o
                0x0000248c                GPIO_SetFunc
 .text.GPIO_SetReadWaitCycle
                0x0000256c       0x88 ./build/Debug/.obj/__/__/__/__/__/__/drivers/hc32_ll_driver/src/hc32_ll_gpio.o
                0x0000256c                GPIO_SetReadWaitCycle
 .text.GPIO_SetPins
                0x000025f4       0x80 ./build/Debug/.obj/__/__/__/__/__/__/drivers/hc32_ll_driver/src/hc32_ll_gpio.o
                0x000025f4                GPIO_SetPins
 .text.INTC_IrqSignIn
                0x00002674       0xfc ./build/Debug/.obj/__/__/__/__/__/__/drivers/hc32_ll_driver/src/hc32_ll_interrupts.o
                0x00002674                INTC_IrqSignIn
 .text.IRQ000_Handler
                0x00002770       0x14 ./build/Debug/.obj/__/__/__/__/__/__/drivers/hc32_ll_driver/src/hc32_ll_interrupts.o
                0x00002770                IRQ000_Handler
 .text.IRQ001_Handler
                0x00002784       0x14 ./build/Debug/.obj/__/__/__/__/__/__/drivers/hc32_ll_driver/src/hc32_ll_interrupts.o
                0x00002784                IRQ001_Handler
 .text.IRQ002_Handler
                0x00002798       0x14 ./build/Debug/.obj/__/__/__/__/__/__/drivers/hc32_ll_driver/src/hc32_ll_interrupts.o
                0x00002798                IRQ002_Handler
 .text.IRQ003_Handler
                0x000027ac       0x14 ./build/Debug/.obj/__/__/__/__/__/__/drivers/hc32_ll_driver/src/hc32_ll_interrupts.o
                0x000027ac                IRQ003_Handler
 .text.IRQ004_Handler
                0x000027c0       0x14 ./build/Debug/.obj/__/__/__/__/__/__/drivers/hc32_ll_driver/src/hc32_ll_interrupts.o
                0x000027c0                IRQ004_Handler
 .text.IRQ005_Handler
                0x000027d4       0x14 ./build/Debug/.obj/__/__/__/__/__/__/drivers/hc32_ll_driver/src/hc32_ll_interrupts.o
                0x000027d4                IRQ005_Handler
 .text.IRQ006_Handler
                0x000027e8       0x14 ./build/Debug/.obj/__/__/__/__/__/__/drivers/hc32_ll_driver/src/hc32_ll_interrupts.o
                0x000027e8                IRQ006_Handler
 .text.IRQ007_Handler
                0x000027fc       0x14 ./build/Debug/.obj/__/__/__/__/__/__/drivers/hc32_ll_driver/src/hc32_ll_interrupts.o
                0x000027fc                IRQ007_Handler
 .text.IRQ008_Handler
                0x00002810       0x14 ./build/Debug/.obj/__/__/__/__/__/__/drivers/hc32_ll_driver/src/hc32_ll_interrupts.o
                0x00002810                IRQ008_Handler
 .text.IRQ009_Handler
                0x00002824       0x14 ./build/Debug/.obj/__/__/__/__/__/__/drivers/hc32_ll_driver/src/hc32_ll_interrupts.o
                0x00002824                IRQ009_Handler
 .text.IRQ010_Handler
                0x00002838       0x14 ./build/Debug/.obj/__/__/__/__/__/__/drivers/hc32_ll_driver/src/hc32_ll_interrupts.o
                0x00002838                IRQ010_Handler
 .text.IRQ011_Handler
                0x0000284c       0x14 ./build/Debug/.obj/__/__/__/__/__/__/drivers/hc32_ll_driver/src/hc32_ll_interrupts.o
                0x0000284c                IRQ011_Handler
 .text.IRQ012_Handler
                0x00002860       0x14 ./build/Debug/.obj/__/__/__/__/__/__/drivers/hc32_ll_driver/src/hc32_ll_interrupts.o
                0x00002860                IRQ012_Handler
 .text.IRQ013_Handler
                0x00002874       0x14 ./build/Debug/.obj/__/__/__/__/__/__/drivers/hc32_ll_driver/src/hc32_ll_interrupts.o
                0x00002874                IRQ013_Handler
 .text.IRQ014_Handler
                0x00002888       0x14 ./build/Debug/.obj/__/__/__/__/__/__/drivers/hc32_ll_driver/src/hc32_ll_interrupts.o
                0x00002888                IRQ014_Handler
 .text.IRQ015_Handler
                0x0000289c       0x14 ./build/Debug/.obj/__/__/__/__/__/__/drivers/hc32_ll_driver/src/hc32_ll_interrupts.o
                0x0000289c                IRQ015_Handler
 .text.IRQ016_Handler
                0x000028b0       0x14 ./build/Debug/.obj/__/__/__/__/__/__/drivers/hc32_ll_driver/src/hc32_ll_interrupts.o
                0x000028b0                IRQ016_Handler
 .text.IRQ017_Handler
                0x000028c4       0x14 ./build/Debug/.obj/__/__/__/__/__/__/drivers/hc32_ll_driver/src/hc32_ll_interrupts.o
                0x000028c4                IRQ017_Handler
 .text.IRQ018_Handler
                0x000028d8       0x14 ./build/Debug/.obj/__/__/__/__/__/__/drivers/hc32_ll_driver/src/hc32_ll_interrupts.o
                0x000028d8                IRQ018_Handler
 .text.IRQ019_Handler
                0x000028ec       0x14 ./build/Debug/.obj/__/__/__/__/__/__/drivers/hc32_ll_driver/src/hc32_ll_interrupts.o
                0x000028ec                IRQ019_Handler
 .text.IRQ020_Handler
                0x00002900       0x14 ./build/Debug/.obj/__/__/__/__/__/__/drivers/hc32_ll_driver/src/hc32_ll_interrupts.o
                0x00002900                IRQ020_Handler
 .text.IRQ021_Handler
                0x00002914       0x14 ./build/Debug/.obj/__/__/__/__/__/__/drivers/hc32_ll_driver/src/hc32_ll_interrupts.o
                0x00002914                IRQ021_Handler
 .text.IRQ022_Handler
                0x00002928       0x14 ./build/Debug/.obj/__/__/__/__/__/__/drivers/hc32_ll_driver/src/hc32_ll_interrupts.o
                0x00002928                IRQ022_Handler
 .text.IRQ023_Handler
                0x0000293c       0x14 ./build/Debug/.obj/__/__/__/__/__/__/drivers/hc32_ll_driver/src/hc32_ll_interrupts.o
                0x0000293c                IRQ023_Handler
 .text.IRQ024_Handler
                0x00002950       0x14 ./build/Debug/.obj/__/__/__/__/__/__/drivers/hc32_ll_driver/src/hc32_ll_interrupts.o
                0x00002950                IRQ024_Handler
 .text.IRQ025_Handler
                0x00002964       0x14 ./build/Debug/.obj/__/__/__/__/__/__/drivers/hc32_ll_driver/src/hc32_ll_interrupts.o
                0x00002964                IRQ025_Handler
 .text.IRQ026_Handler
                0x00002978       0x14 ./build/Debug/.obj/__/__/__/__/__/__/drivers/hc32_ll_driver/src/hc32_ll_interrupts.o
                0x00002978                IRQ026_Handler
 .text.IRQ027_Handler
                0x0000298c       0x14 ./build/Debug/.obj/__/__/__/__/__/__/drivers/hc32_ll_driver/src/hc32_ll_interrupts.o
                0x0000298c                IRQ027_Handler
 .text.IRQ028_Handler
                0x000029a0       0x14 ./build/Debug/.obj/__/__/__/__/__/__/drivers/hc32_ll_driver/src/hc32_ll_interrupts.o
                0x000029a0                IRQ028_Handler
 .text.IRQ029_Handler
                0x000029b4       0x14 ./build/Debug/.obj/__/__/__/__/__/__/drivers/hc32_ll_driver/src/hc32_ll_interrupts.o
                0x000029b4                IRQ029_Handler
 .text.IRQ030_Handler
                0x000029c8       0x14 ./build/Debug/.obj/__/__/__/__/__/__/drivers/hc32_ll_driver/src/hc32_ll_interrupts.o
                0x000029c8                IRQ030_Handler
 .text.IRQ031_Handler
                0x000029dc       0x14 ./build/Debug/.obj/__/__/__/__/__/__/drivers/hc32_ll_driver/src/hc32_ll_interrupts.o
                0x000029dc                IRQ031_Handler
 .text.IRQ032_Handler
                0x000029f0       0x14 ./build/Debug/.obj/__/__/__/__/__/__/drivers/hc32_ll_driver/src/hc32_ll_interrupts.o
                0x000029f0                IRQ032_Handler
 .text.IRQ033_Handler
                0x00002a04       0x14 ./build/Debug/.obj/__/__/__/__/__/__/drivers/hc32_ll_driver/src/hc32_ll_interrupts.o
                0x00002a04                IRQ033_Handler
 .text.IRQ034_Handler
                0x00002a18       0x14 ./build/Debug/.obj/__/__/__/__/__/__/drivers/hc32_ll_driver/src/hc32_ll_interrupts.o
                0x00002a18                IRQ034_Handler
 .text.IRQ035_Handler
                0x00002a2c       0x14 ./build/Debug/.obj/__/__/__/__/__/__/drivers/hc32_ll_driver/src/hc32_ll_interrupts.o
                0x00002a2c                IRQ035_Handler
 .text.IRQ036_Handler
                0x00002a40       0x14 ./build/Debug/.obj/__/__/__/__/__/__/drivers/hc32_ll_driver/src/hc32_ll_interrupts.o
                0x00002a40                IRQ036_Handler
 .text.IRQ037_Handler
                0x00002a54       0x14 ./build/Debug/.obj/__/__/__/__/__/__/drivers/hc32_ll_driver/src/hc32_ll_interrupts.o
                0x00002a54                IRQ037_Handler
 .text.IRQ038_Handler
                0x00002a68       0x14 ./build/Debug/.obj/__/__/__/__/__/__/drivers/hc32_ll_driver/src/hc32_ll_interrupts.o
                0x00002a68                IRQ038_Handler
 .text.IRQ039_Handler
                0x00002a7c       0x14 ./build/Debug/.obj/__/__/__/__/__/__/drivers/hc32_ll_driver/src/hc32_ll_interrupts.o
                0x00002a7c                IRQ039_Handler
 .text.IRQ040_Handler
                0x00002a90       0x14 ./build/Debug/.obj/__/__/__/__/__/__/drivers/hc32_ll_driver/src/hc32_ll_interrupts.o
                0x00002a90                IRQ040_Handler
 .text.IRQ041_Handler
                0x00002aa4       0x14 ./build/Debug/.obj/__/__/__/__/__/__/drivers/hc32_ll_driver/src/hc32_ll_interrupts.o
                0x00002aa4                IRQ041_Handler
 .text.IRQ042_Handler
                0x00002ab8       0x14 ./build/Debug/.obj/__/__/__/__/__/__/drivers/hc32_ll_driver/src/hc32_ll_interrupts.o
                0x00002ab8                IRQ042_Handler
 .text.IRQ043_Handler
                0x00002acc       0x14 ./build/Debug/.obj/__/__/__/__/__/__/drivers/hc32_ll_driver/src/hc32_ll_interrupts.o
                0x00002acc                IRQ043_Handler
 .text.IRQ044_Handler
                0x00002ae0       0x14 ./build/Debug/.obj/__/__/__/__/__/__/drivers/hc32_ll_driver/src/hc32_ll_interrupts.o
                0x00002ae0                IRQ044_Handler
 .text.IRQ045_Handler
                0x00002af4       0x14 ./build/Debug/.obj/__/__/__/__/__/__/drivers/hc32_ll_driver/src/hc32_ll_interrupts.o
                0x00002af4                IRQ045_Handler
 .text.IRQ046_Handler
                0x00002b08       0x14 ./build/Debug/.obj/__/__/__/__/__/__/drivers/hc32_ll_driver/src/hc32_ll_interrupts.o
                0x00002b08                IRQ046_Handler
 .text.IRQ047_Handler
                0x00002b1c       0x14 ./build/Debug/.obj/__/__/__/__/__/__/drivers/hc32_ll_driver/src/hc32_ll_interrupts.o
                0x00002b1c                IRQ047_Handler
 .text.IRQ048_Handler
                0x00002b30       0x14 ./build/Debug/.obj/__/__/__/__/__/__/drivers/hc32_ll_driver/src/hc32_ll_interrupts.o
                0x00002b30                IRQ048_Handler
 .text.IRQ049_Handler
                0x00002b44       0x14 ./build/Debug/.obj/__/__/__/__/__/__/drivers/hc32_ll_driver/src/hc32_ll_interrupts.o
                0x00002b44                IRQ049_Handler
 .text.IRQ050_Handler
                0x00002b58       0x14 ./build/Debug/.obj/__/__/__/__/__/__/drivers/hc32_ll_driver/src/hc32_ll_interrupts.o
                0x00002b58                IRQ050_Handler
 .text.IRQ051_Handler
                0x00002b6c       0x14 ./build/Debug/.obj/__/__/__/__/__/__/drivers/hc32_ll_driver/src/hc32_ll_interrupts.o
                0x00002b6c                IRQ051_Handler
 .text.IRQ052_Handler
                0x00002b80       0x14 ./build/Debug/.obj/__/__/__/__/__/__/drivers/hc32_ll_driver/src/hc32_ll_interrupts.o
                0x00002b80                IRQ052_Handler
 .text.IRQ053_Handler
                0x00002b94       0x14 ./build/Debug/.obj/__/__/__/__/__/__/drivers/hc32_ll_driver/src/hc32_ll_interrupts.o
                0x00002b94                IRQ053_Handler
 .text.IRQ054_Handler
                0x00002ba8       0x14 ./build/Debug/.obj/__/__/__/__/__/__/drivers/hc32_ll_driver/src/hc32_ll_interrupts.o
                0x00002ba8                IRQ054_Handler
 .text.IRQ055_Handler
                0x00002bbc       0x14 ./build/Debug/.obj/__/__/__/__/__/__/drivers/hc32_ll_driver/src/hc32_ll_interrupts.o
                0x00002bbc                IRQ055_Handler
 .text.IRQ056_Handler
                0x00002bd0       0x14 ./build/Debug/.obj/__/__/__/__/__/__/drivers/hc32_ll_driver/src/hc32_ll_interrupts.o
                0x00002bd0                IRQ056_Handler
 .text.IRQ057_Handler
                0x00002be4       0x14 ./build/Debug/.obj/__/__/__/__/__/__/drivers/hc32_ll_driver/src/hc32_ll_interrupts.o
                0x00002be4                IRQ057_Handler
 .text.IRQ058_Handler
                0x00002bf8       0x14 ./build/Debug/.obj/__/__/__/__/__/__/drivers/hc32_ll_driver/src/hc32_ll_interrupts.o
                0x00002bf8                IRQ058_Handler
 .text.IRQ059_Handler
                0x00002c0c       0x14 ./build/Debug/.obj/__/__/__/__/__/__/drivers/hc32_ll_driver/src/hc32_ll_interrupts.o
                0x00002c0c                IRQ059_Handler
 .text.IRQ060_Handler
                0x00002c20       0x14 ./build/Debug/.obj/__/__/__/__/__/__/drivers/hc32_ll_driver/src/hc32_ll_interrupts.o
                0x00002c20                IRQ060_Handler
 .text.IRQ061_Handler
                0x00002c34       0x14 ./build/Debug/.obj/__/__/__/__/__/__/drivers/hc32_ll_driver/src/hc32_ll_interrupts.o
                0x00002c34                IRQ061_Handler
 .text.IRQ062_Handler
                0x00002c48       0x14 ./build/Debug/.obj/__/__/__/__/__/__/drivers/hc32_ll_driver/src/hc32_ll_interrupts.o
                0x00002c48                IRQ062_Handler
 .text.IRQ063_Handler
                0x00002c5c       0x14 ./build/Debug/.obj/__/__/__/__/__/__/drivers/hc32_ll_driver/src/hc32_ll_interrupts.o
                0x00002c5c                IRQ063_Handler
 .text.IRQ064_Handler
                0x00002c70       0x14 ./build/Debug/.obj/__/__/__/__/__/__/drivers/hc32_ll_driver/src/hc32_ll_interrupts.o
                0x00002c70                IRQ064_Handler
 .text.IRQ065_Handler
                0x00002c84       0x14 ./build/Debug/.obj/__/__/__/__/__/__/drivers/hc32_ll_driver/src/hc32_ll_interrupts.o
                0x00002c84                IRQ065_Handler
 .text.IRQ066_Handler
                0x00002c98       0x14 ./build/Debug/.obj/__/__/__/__/__/__/drivers/hc32_ll_driver/src/hc32_ll_interrupts.o
                0x00002c98                IRQ066_Handler
 .text.IRQ067_Handler
                0x00002cac       0x14 ./build/Debug/.obj/__/__/__/__/__/__/drivers/hc32_ll_driver/src/hc32_ll_interrupts.o
                0x00002cac                IRQ067_Handler
 .text.IRQ068_Handler
                0x00002cc0       0x14 ./build/Debug/.obj/__/__/__/__/__/__/drivers/hc32_ll_driver/src/hc32_ll_interrupts.o
                0x00002cc0                IRQ068_Handler
 .text.IRQ069_Handler
                0x00002cd4       0x14 ./build/Debug/.obj/__/__/__/__/__/__/drivers/hc32_ll_driver/src/hc32_ll_interrupts.o
                0x00002cd4                IRQ069_Handler
 .text.IRQ070_Handler
                0x00002ce8       0x14 ./build/Debug/.obj/__/__/__/__/__/__/drivers/hc32_ll_driver/src/hc32_ll_interrupts.o
                0x00002ce8                IRQ070_Handler
 .text.IRQ071_Handler
                0x00002cfc       0x14 ./build/Debug/.obj/__/__/__/__/__/__/drivers/hc32_ll_driver/src/hc32_ll_interrupts.o
                0x00002cfc                IRQ071_Handler
 .text.IRQ072_Handler
                0x00002d10       0x14 ./build/Debug/.obj/__/__/__/__/__/__/drivers/hc32_ll_driver/src/hc32_ll_interrupts.o
                0x00002d10                IRQ072_Handler
 .text.IRQ073_Handler
                0x00002d24       0x14 ./build/Debug/.obj/__/__/__/__/__/__/drivers/hc32_ll_driver/src/hc32_ll_interrupts.o
                0x00002d24                IRQ073_Handler
 .text.IRQ074_Handler
                0x00002d38       0x14 ./build/Debug/.obj/__/__/__/__/__/__/drivers/hc32_ll_driver/src/hc32_ll_interrupts.o
                0x00002d38                IRQ074_Handler
 .text.IRQ075_Handler
                0x00002d4c       0x14 ./build/Debug/.obj/__/__/__/__/__/__/drivers/hc32_ll_driver/src/hc32_ll_interrupts.o
                0x00002d4c                IRQ075_Handler
 .text.IRQ076_Handler
                0x00002d60       0x14 ./build/Debug/.obj/__/__/__/__/__/__/drivers/hc32_ll_driver/src/hc32_ll_interrupts.o
                0x00002d60                IRQ076_Handler
 .text.IRQ077_Handler
                0x00002d74       0x14 ./build/Debug/.obj/__/__/__/__/__/__/drivers/hc32_ll_driver/src/hc32_ll_interrupts.o
                0x00002d74                IRQ077_Handler
 .text.IRQ078_Handler
                0x00002d88       0x14 ./build/Debug/.obj/__/__/__/__/__/__/drivers/hc32_ll_driver/src/hc32_ll_interrupts.o
                0x00002d88                IRQ078_Handler
 .text.IRQ079_Handler
                0x00002d9c       0x14 ./build/Debug/.obj/__/__/__/__/__/__/drivers/hc32_ll_driver/src/hc32_ll_interrupts.o
                0x00002d9c                IRQ079_Handler
 .text.IRQ080_Handler
                0x00002db0       0x14 ./build/Debug/.obj/__/__/__/__/__/__/drivers/hc32_ll_driver/src/hc32_ll_interrupts.o
                0x00002db0                IRQ080_Handler
 .text.IRQ081_Handler
                0x00002dc4       0x14 ./build/Debug/.obj/__/__/__/__/__/__/drivers/hc32_ll_driver/src/hc32_ll_interrupts.o
                0x00002dc4                IRQ081_Handler
 .text.IRQ082_Handler
                0x00002dd8       0x14 ./build/Debug/.obj/__/__/__/__/__/__/drivers/hc32_ll_driver/src/hc32_ll_interrupts.o
                0x00002dd8                IRQ082_Handler
 .text.IRQ083_Handler
                0x00002dec       0x14 ./build/Debug/.obj/__/__/__/__/__/__/drivers/hc32_ll_driver/src/hc32_ll_interrupts.o
                0x00002dec                IRQ083_Handler
 .text.IRQ084_Handler
                0x00002e00       0x14 ./build/Debug/.obj/__/__/__/__/__/__/drivers/hc32_ll_driver/src/hc32_ll_interrupts.o
                0x00002e00                IRQ084_Handler
 .text.IRQ085_Handler
                0x00002e14       0x14 ./build/Debug/.obj/__/__/__/__/__/__/drivers/hc32_ll_driver/src/hc32_ll_interrupts.o
                0x00002e14                IRQ085_Handler
 .text.IRQ086_Handler
                0x00002e28       0x14 ./build/Debug/.obj/__/__/__/__/__/__/drivers/hc32_ll_driver/src/hc32_ll_interrupts.o
                0x00002e28                IRQ086_Handler
 .text.IRQ087_Handler
                0x00002e3c       0x14 ./build/Debug/.obj/__/__/__/__/__/__/drivers/hc32_ll_driver/src/hc32_ll_interrupts.o
                0x00002e3c                IRQ087_Handler
 .text.IRQ088_Handler
                0x00002e50       0x14 ./build/Debug/.obj/__/__/__/__/__/__/drivers/hc32_ll_driver/src/hc32_ll_interrupts.o
                0x00002e50                IRQ088_Handler
 .text.IRQ089_Handler
                0x00002e64       0x14 ./build/Debug/.obj/__/__/__/__/__/__/drivers/hc32_ll_driver/src/hc32_ll_interrupts.o
                0x00002e64                IRQ089_Handler
 .text.IRQ090_Handler
                0x00002e78       0x14 ./build/Debug/.obj/__/__/__/__/__/__/drivers/hc32_ll_driver/src/hc32_ll_interrupts.o
                0x00002e78                IRQ090_Handler
 .text.IRQ091_Handler
                0x00002e8c       0x14 ./build/Debug/.obj/__/__/__/__/__/__/drivers/hc32_ll_driver/src/hc32_ll_interrupts.o
                0x00002e8c                IRQ091_Handler
 .text.IRQ092_Handler
                0x00002ea0       0x14 ./build/Debug/.obj/__/__/__/__/__/__/drivers/hc32_ll_driver/src/hc32_ll_interrupts.o
                0x00002ea0                IRQ092_Handler
 .text.IRQ093_Handler
                0x00002eb4       0x14 ./build/Debug/.obj/__/__/__/__/__/__/drivers/hc32_ll_driver/src/hc32_ll_interrupts.o
                0x00002eb4                IRQ093_Handler
 .text.IRQ094_Handler
                0x00002ec8       0x14 ./build/Debug/.obj/__/__/__/__/__/__/drivers/hc32_ll_driver/src/hc32_ll_interrupts.o
                0x00002ec8                IRQ094_Handler
 .text.IRQ095_Handler
                0x00002edc       0x14 ./build/Debug/.obj/__/__/__/__/__/__/drivers/hc32_ll_driver/src/hc32_ll_interrupts.o
                0x00002edc                IRQ095_Handler
 .text.IRQ096_Handler
                0x00002ef0       0x14 ./build/Debug/.obj/__/__/__/__/__/__/drivers/hc32_ll_driver/src/hc32_ll_interrupts.o
                0x00002ef0                IRQ096_Handler
 .text.IRQ097_Handler
                0x00002f04       0x14 ./build/Debug/.obj/__/__/__/__/__/__/drivers/hc32_ll_driver/src/hc32_ll_interrupts.o
                0x00002f04                IRQ097_Handler
 .text.IRQ098_Handler
                0x00002f18       0x14 ./build/Debug/.obj/__/__/__/__/__/__/drivers/hc32_ll_driver/src/hc32_ll_interrupts.o
                0x00002f18                IRQ098_Handler
 .text.IRQ099_Handler
                0x00002f2c       0x14 ./build/Debug/.obj/__/__/__/__/__/__/drivers/hc32_ll_driver/src/hc32_ll_interrupts.o
                0x00002f2c                IRQ099_Handler
 .text.IRQ100_Handler
                0x00002f40       0x14 ./build/Debug/.obj/__/__/__/__/__/__/drivers/hc32_ll_driver/src/hc32_ll_interrupts.o
                0x00002f40                IRQ100_Handler
 .text.IRQ101_Handler
                0x00002f54       0x14 ./build/Debug/.obj/__/__/__/__/__/__/drivers/hc32_ll_driver/src/hc32_ll_interrupts.o
                0x00002f54                IRQ101_Handler
 .text.IRQ102_Handler
                0x00002f68       0x14 ./build/Debug/.obj/__/__/__/__/__/__/drivers/hc32_ll_driver/src/hc32_ll_interrupts.o
                0x00002f68                IRQ102_Handler
 .text.IRQ103_Handler
                0x00002f7c       0x14 ./build/Debug/.obj/__/__/__/__/__/__/drivers/hc32_ll_driver/src/hc32_ll_interrupts.o
                0x00002f7c                IRQ103_Handler
 .text.IRQ104_Handler
                0x00002f90       0x14 ./build/Debug/.obj/__/__/__/__/__/__/drivers/hc32_ll_driver/src/hc32_ll_interrupts.o
                0x00002f90                IRQ104_Handler
 .text.IRQ105_Handler
                0x00002fa4       0x14 ./build/Debug/.obj/__/__/__/__/__/__/drivers/hc32_ll_driver/src/hc32_ll_interrupts.o
                0x00002fa4                IRQ105_Handler
 .text.IRQ106_Handler
                0x00002fb8       0x14 ./build/Debug/.obj/__/__/__/__/__/__/drivers/hc32_ll_driver/src/hc32_ll_interrupts.o
                0x00002fb8                IRQ106_Handler
 .text.IRQ107_Handler
                0x00002fcc       0x14 ./build/Debug/.obj/__/__/__/__/__/__/drivers/hc32_ll_driver/src/hc32_ll_interrupts.o
                0x00002fcc                IRQ107_Handler
 .text.IRQ108_Handler
                0x00002fe0       0x14 ./build/Debug/.obj/__/__/__/__/__/__/drivers/hc32_ll_driver/src/hc32_ll_interrupts.o
                0x00002fe0                IRQ108_Handler
 .text.IRQ109_Handler
                0x00002ff4       0x14 ./build/Debug/.obj/__/__/__/__/__/__/drivers/hc32_ll_driver/src/hc32_ll_interrupts.o
                0x00002ff4                IRQ109_Handler
 .text.IRQ110_Handler
                0x00003008       0x14 ./build/Debug/.obj/__/__/__/__/__/__/drivers/hc32_ll_driver/src/hc32_ll_interrupts.o
                0x00003008                IRQ110_Handler
 .text.IRQ111_Handler
                0x0000301c       0x14 ./build/Debug/.obj/__/__/__/__/__/__/drivers/hc32_ll_driver/src/hc32_ll_interrupts.o
                0x0000301c                IRQ111_Handler
 .text.IRQ112_Handler
                0x00003030       0x14 ./build/Debug/.obj/__/__/__/__/__/__/drivers/hc32_ll_driver/src/hc32_ll_interrupts.o
                0x00003030                IRQ112_Handler
 .text.IRQ113_Handler
                0x00003044       0x14 ./build/Debug/.obj/__/__/__/__/__/__/drivers/hc32_ll_driver/src/hc32_ll_interrupts.o
                0x00003044                IRQ113_Handler
 .text.IRQ114_Handler
                0x00003058       0x14 ./build/Debug/.obj/__/__/__/__/__/__/drivers/hc32_ll_driver/src/hc32_ll_interrupts.o
                0x00003058                IRQ114_Handler
 .text.IRQ115_Handler
                0x0000306c       0x14 ./build/Debug/.obj/__/__/__/__/__/__/drivers/hc32_ll_driver/src/hc32_ll_interrupts.o
                0x0000306c                IRQ115_Handler
 .text.IRQ116_Handler
                0x00003080       0x14 ./build/Debug/.obj/__/__/__/__/__/__/drivers/hc32_ll_driver/src/hc32_ll_interrupts.o
                0x00003080                IRQ116_Handler
 .text.IRQ117_Handler
                0x00003094       0x14 ./build/Debug/.obj/__/__/__/__/__/__/drivers/hc32_ll_driver/src/hc32_ll_interrupts.o
                0x00003094                IRQ117_Handler
 .text.IRQ118_Handler
                0x000030a8       0x14 ./build/Debug/.obj/__/__/__/__/__/__/drivers/hc32_ll_driver/src/hc32_ll_interrupts.o
                0x000030a8                IRQ118_Handler
 .text.IRQ119_Handler
                0x000030bc       0x14 ./build/Debug/.obj/__/__/__/__/__/__/drivers/hc32_ll_driver/src/hc32_ll_interrupts.o
                0x000030bc                IRQ119_Handler
 .text.IRQ120_Handler
                0x000030d0       0x14 ./build/Debug/.obj/__/__/__/__/__/__/drivers/hc32_ll_driver/src/hc32_ll_interrupts.o
                0x000030d0                IRQ120_Handler
 .text.IRQ121_Handler
                0x000030e4       0x14 ./build/Debug/.obj/__/__/__/__/__/__/drivers/hc32_ll_driver/src/hc32_ll_interrupts.o
                0x000030e4                IRQ121_Handler
 .text.IRQ122_Handler
                0x000030f8       0x14 ./build/Debug/.obj/__/__/__/__/__/__/drivers/hc32_ll_driver/src/hc32_ll_interrupts.o
                0x000030f8                IRQ122_Handler
 .text.IRQ123_Handler
                0x0000310c       0x14 ./build/Debug/.obj/__/__/__/__/__/__/drivers/hc32_ll_driver/src/hc32_ll_interrupts.o
                0x0000310c                IRQ123_Handler
 .text.IRQ124_Handler
                0x00003120       0x14 ./build/Debug/.obj/__/__/__/__/__/__/drivers/hc32_ll_driver/src/hc32_ll_interrupts.o
                0x00003120                IRQ124_Handler
 .text.IRQ125_Handler
                0x00003134       0x14 ./build/Debug/.obj/__/__/__/__/__/__/drivers/hc32_ll_driver/src/hc32_ll_interrupts.o
                0x00003134                IRQ125_Handler
 .text.IRQ126_Handler
                0x00003148       0x14 ./build/Debug/.obj/__/__/__/__/__/__/drivers/hc32_ll_driver/src/hc32_ll_interrupts.o
                0x00003148                IRQ126_Handler
 .text.IRQ127_Handler
                0x0000315c       0x14 ./build/Debug/.obj/__/__/__/__/__/__/drivers/hc32_ll_driver/src/hc32_ll_interrupts.o
                0x0000315c                IRQ127_Handler
 .text.PWC_HighSpeedToHighPerformance
                0x00003170       0x68 ./build/Debug/.obj/__/__/__/__/__/__/drivers/hc32_ll_driver/src/hc32_ll_pwc.o
                0x00003170                PWC_HighSpeedToHighPerformance
 .text.SRAM_SetWaitCycle
                0x000031d8       0xd0 ./build/Debug/.obj/__/__/__/__/__/__/drivers/hc32_ll_driver/src/hc32_ll_sram.o
                0x000031d8                SRAM_SetWaitCycle
 .text.UART_CalculateDivInteger
                0x000032a8      0x1a8 ./build/Debug/.obj/__/__/__/__/__/__/drivers/hc32_ll_driver/src/hc32_ll_usart.o
 .text.ClockSync_CalculateDivInteger
                0x00003450      0x144 ./build/Debug/.obj/__/__/__/__/__/__/drivers/hc32_ll_driver/src/hc32_ll_usart.o
 .text.SmartCard_CalculateDivInteger
                0x00003594      0x1d8 ./build/Debug/.obj/__/__/__/__/__/__/drivers/hc32_ll_driver/src/hc32_ll_usart.o
 .text.UART_CalculateDivFraction
                0x0000376c      0x270 ./build/Debug/.obj/__/__/__/__/__/__/drivers/hc32_ll_driver/src/hc32_ll_usart.o
 .text.ClockSync_CalculateDivFraction
                0x000039dc      0x1f4 ./build/Debug/.obj/__/__/__/__/__/__/drivers/hc32_ll_driver/src/hc32_ll_usart.o
 .text.SmartCard_CalculateDivFraction
                0x00003bd0      0x2b0 ./build/Debug/.obj/__/__/__/__/__/__/drivers/hc32_ll_driver/src/hc32_ll_usart.o
 .text.UART_CalculateDiv
                0x00003e80       0x7c ./build/Debug/.obj/__/__/__/__/__/__/drivers/hc32_ll_driver/src/hc32_ll_usart.o
 .text.ClockSync_CalculateDiv
                0x00003efc       0x7c ./build/Debug/.obj/__/__/__/__/__/__/drivers/hc32_ll_driver/src/hc32_ll_usart.o
 .text.SmartCard_CalculateDiv
                0x00003f78       0x7c ./build/Debug/.obj/__/__/__/__/__/__/drivers/hc32_ll_driver/src/hc32_ll_usart.o
 .text.USART_GetBusClockFreq
                0x00003ff4       0x30 ./build/Debug/.obj/__/__/__/__/__/__/drivers/hc32_ll_driver/src/hc32_ll_usart.o
 .text.USART_GetUsartClockFreq
                0x00004024       0x74 ./build/Debug/.obj/__/__/__/__/__/__/drivers/hc32_ll_driver/src/hc32_ll_usart.o
 .text.USART_UART_StructInit
                0x00004098       0x6e ./build/Debug/.obj/__/__/__/__/__/__/drivers/hc32_ll_driver/src/hc32_ll_usart.o
                0x00004098                USART_UART_StructInit
 *fill*         0x00004106        0x2 
 .text.USART_UART_Init
                0x00004108      0x210 ./build/Debug/.obj/__/__/__/__/__/__/drivers/hc32_ll_driver/src/hc32_ll_usart.o
                0x00004108                USART_UART_Init
 .text.USART_FuncCmd
                0x00004318       0xb4 ./build/Debug/.obj/__/__/__/__/__/__/drivers/hc32_ll_driver/src/hc32_ll_usart.o
                0x00004318                USART_FuncCmd
 .text.USART_GetStatus
                0x000043cc       0x84 ./build/Debug/.obj/__/__/__/__/__/__/drivers/hc32_ll_driver/src/hc32_ll_usart.o
                0x000043cc                USART_GetStatus
 .text.USART_ClearStatus
                0x00004450       0xa4 ./build/Debug/.obj/__/__/__/__/__/__/drivers/hc32_ll_driver/src/hc32_ll_usart.o
                0x00004450                USART_ClearStatus
 .text.USART_ReadData
                0x000044f4       0x58 ./build/Debug/.obj/__/__/__/__/__/__/drivers/hc32_ll_driver/src/hc32_ll_usart.o
                0x000044f4                USART_ReadData
 .text.USART_WriteData
                0x0000454c       0x70 ./build/Debug/.obj/__/__/__/__/__/__/drivers/hc32_ll_driver/src/hc32_ll_usart.o
                0x0000454c                USART_WriteData
 .text.USART_SetBaudrate
                0x000045bc      0x130 ./build/Debug/.obj/__/__/__/__/__/__/drivers/hc32_ll_driver/src/hc32_ll_usart.o
                0x000045bc                USART_SetBaudrate
 .text.DDL_DelayUS
                0x000046ec       0x60 ./build/Debug/.obj/__/__/__/__/__/__/drivers/hc32_ll_driver/src/hc32_ll_utility.o
                0x000046ec                DDL_DelayUS
 .text.DDL_AssertHandler
                0x0000474c        0xc ./build/Debug/.obj/__/__/__/__/__/__/drivers/hc32_ll_driver/src/hc32_ll_utility.o
                0x0000474c                DDL_AssertHandler
 .text.__NVIC_EnableIRQ
                0x00004758       0x3c ./build/Debug/.obj/__/source/main.o
 .text.__NVIC_ClearPendingIRQ
                0x00004794       0x3c ./build/Debug/.obj/__/source/main.o
 .text.__NVIC_SetPriority
                0x000047d0       0x54 ./build/Debug/.obj/__/source/main.o
 .text.USART_SendByte
                0x00004824       0x30 ./build/Debug/.obj/__/source/main.o
                0x00004824                USART_SendByte
 .text.USART_SendString
                0x00004854       0x3a ./build/Debug/.obj/__/source/main.o
                0x00004854                USART_SendString
 *fill*         0x0000488e        0x2 
 .text.USART_RxError_IrqCallback
                0x00004890       0x28 ./build/Debug/.obj/__/source/main.o
 .text.main     0x000048b8       0xf8 ./build/Debug/.obj/__/source/main.o
                0x000048b8                main
 .text.Reset_Handler
                0x000049b0       0xb0 ./build/Debug/.obj/startup_hc32f460.o
                0x000049b0                Reset_Handler
 .text.Default_Handler
                0x00004a60        0x4 ./build/Debug/.obj/startup_hc32f460.o
                0x00004a60                IRQ132_Handler
                0x00004a60                DebugMon_Handler
                0x00004a60                HardFault_Handler
                0x00004a60                SysTick_Handler
                0x00004a60                IRQ139_Handler
                0x00004a60                IRQ138_Handler
                0x00004a60                PendSV_Handler
                0x00004a60                NMI_Handler
                0x00004a60                UsageFault_Handler
                0x00004a60                IRQ133_Handler
                0x00004a60                IRQ130_Handler
                0x00004a60                IRQ134_Handler
                0x00004a60                IRQ129_Handler
                0x00004a60                IRQ142_Handler
                0x00004a60                IRQ140_Handler
                0x00004a60                MemManage_Handler
                0x00004a60                IRQ143_Handler
                0x00004a60                SVC_Handler
                0x00004a60                IRQ128_Handler
                0x00004a60                IRQ136_Handler
                0x00004a60                IRQ131_Handler
                0x00004a60                IRQ141_Handler
                0x00004a60                IRQ137_Handler
                0x00004a60                BusFault_Handler
                0x00004a60                IRQ135_Handler
 *(.glue_7)
 .glue_7        0x00004a64        0x0 linker stubs
 *(.glue_7t)
 .glue_7t       0x00004a64        0x0 linker stubs
 *(.eh_frame)
 *(.init)
 *(.fini)
                0x00004a64                . = ALIGN (0x4)

.vfp11_veneer   0x00004a64        0x0
 .vfp11_veneer  0x00004a64        0x0 linker stubs

.v4_bx          0x00004a64        0x0
 .v4_bx         0x00004a64        0x0 linker stubs

.iplt           0x00004a64        0x0
 .iplt          0x00004a64        0x0 ./build/Debug/.obj/__/__/__/__/__/__/drivers/bsp/ev_hc32f460_lqfp100_v2/ev_hc32f460_lqfp100_v2.o

.rodata         0x00004a64      0x234
                0x00004a64                . = ALIGN (0x4)
 *(.rodata)
 .rodata        0x00004a64       0x3d ./build/Debug/.obj/__/__/__/__/__/__/drivers/hc32_ll_driver/src/hc32_ll_clk.o
 *fill*         0x00004aa1        0x3 
 .rodata        0x00004aa4       0x3d ./build/Debug/.obj/__/__/__/__/__/__/drivers/hc32_ll_driver/src/hc32_ll_efm.o
 *fill*         0x00004ae1        0x3 
 .rodata        0x00004ae4       0x3d ./build/Debug/.obj/__/__/__/__/__/__/drivers/hc32_ll_driver/src/hc32_ll_fcg.o
 *fill*         0x00004b21        0x3 
 .rodata        0x00004b24       0x3e ./build/Debug/.obj/__/__/__/__/__/__/drivers/hc32_ll_driver/src/hc32_ll_gpio.o
 *fill*         0x00004b62        0x2 
 .rodata        0x00004b64       0x44 ./build/Debug/.obj/__/__/__/__/__/__/drivers/hc32_ll_driver/src/hc32_ll_interrupts.o
 .rodata        0x00004ba8       0x3d ./build/Debug/.obj/__/__/__/__/__/__/drivers/hc32_ll_driver/src/hc32_ll_pwc.o
 *fill*         0x00004be5        0x3 
 .rodata        0x00004be8       0x3e ./build/Debug/.obj/__/__/__/__/__/__/drivers/hc32_ll_driver/src/hc32_ll_sram.o
 *fill*         0x00004c26        0x2 
 .rodata        0x00004c28       0x50 ./build/Debug/.obj/__/__/__/__/__/__/drivers/hc32_ll_driver/src/hc32_ll_usart.o
 .rodata        0x00004c78        0xf ./build/Debug/.obj/__/source/main.o
 *(.rodata*)
 *fill*         0x00004c87        0x1 
 .rodata.BSP_LED_PORT_PIN
                0x00004c88       0x10 ./build/Debug/.obj/__/__/__/__/__/__/drivers/bsp/ev_hc32f460_lqfp100_v2/ev_hc32f460_lqfp100_v2.o
                0x00004c98                . = ALIGN (0x4)

.ARM.extab
 *(.ARM.extab* .gnu.linkonce.armextab.*)
                0x00004c98                __exidx_start = .

.ARM.exidx      0x00004c98        0x8
 *(.ARM.exidx* .gnu.linkonce.armexidx.*)
 .ARM.exidx     0x00004c98        0x8 c:/gcc/gcc-arm-none-eabi-10.3-2021.10/bin/../lib/gcc/arm-none-eabi/10.3.1/thumb/v7e-m+fp/hard\libgcc.a(_udivmoddi4.o)
                0x00004ca0                __exidx_end = .

.rel.dyn        0x00004ca0        0x0
 .rel.iplt      0x00004ca0        0x0 ./build/Debug/.obj/__/__/__/__/__/__/drivers/bsp/ev_hc32f460_lqfp100_v2/ev_hc32f460_lqfp100_v2.o

.preinit_array  0x00004ca0        0x0
                0x00004ca0                . = ALIGN (0x4)
                [!provide]                PROVIDE (__preinit_array_start = .)
 *(.preinit_array)
                [!provide]                PROVIDE (__preinit_array_end = .)
                0x00004ca0                . = ALIGN (0x4)

.init_array     0x00004ca0        0x0
                0x00004ca0                . = ALIGN (0x4)
                [!provide]                PROVIDE (__init_array_start = .)
 *(SORT_BY_NAME(.init_array.*))
 *(.init_array)
                [!provide]                PROVIDE (__init_array_end = .)
                0x00004ca0                . = ALIGN (0x4)

.fini_array     0x00004ca0        0x0
                0x00004ca0                . = ALIGN (0x4)
                [!provide]                PROVIDE (__fini_array_start = .)
 *(SORT_BY_NAME(.fini_array.*))
 *(.fini_array)
                [!provide]                PROVIDE (__fini_array_end = .)
                0x00004ca0                . = ALIGN (0x4)
                0x00004ca0                __etext = ALIGN (0x4)

.otp_data_sec
 *(.otp_data_sec)

.otp_lock_sec
 *(.otp_lock_sec)

.data           0x1fff8000        0x0 load address 0x00004ca0
                0x1fff8000                . = ALIGN (0x4)
                0x1fff8000                __data_start__ = .
 *(vtable)
 *(.data)
 *(.data*)
                0x1fff8000                . = ALIGN (0x4)
 *(.ramfunc)
 *(.ramfunc*)
                0x1fff8000                . = ALIGN (0x4)
                0x1fff8000                __data_end__ = .
                0x00004ca0                __etext_ret_ram = (__etext + ALIGN (SIZEOF (.data), 0x4))

.igot.plt       0x1fff8000        0x0
 .igot.plt      0x1fff8000        0x0 ./build/Debug/.obj/__/__/__/__/__/__/drivers/bsp/ev_hc32f460_lqfp100_v2/ev_hc32f460_lqfp100_v2.o

.ret_ram_data   0x200f0000        0x0 load address 0x00004ca0
                0x200f0000                . = ALIGN (0x4)
                0x200f0000                __data_start_ret_ram__ = .
 *(.ret_ram_data)
 *(.ret_ram_data*)
                0x200f0000                . = ALIGN (0x4)
                0x200f0000                __data_end_ret_ram__ = .

.bss            0x1fff8000      0x208
                0x1fff8000                . = ALIGN (0x4)
                0x1fff8000                _sbss = .
                0x1fff8000                __bss_start__ = _sbss
 *(.bss)
 *(.bss*)
 .bss.SystemCoreClock
                0x1fff8000        0x4 ./build/Debug/.obj/__/__/__/__/__/__/drivers/cmsis/Device/HDSC/hc32f4xx/Source/system_hc32f460.o
                0x1fff8000                SystemCoreClock
 .bss.HRC_VALUE
                0x1fff8004        0x4 ./build/Debug/.obj/__/__/__/__/__/__/drivers/cmsis/Device/HDSC/hc32f4xx/Source/system_hc32f460.o
                0x1fff8004                HRC_VALUE
 .bss.m_apfnIrqHandler
                0x1fff8008      0x200 ./build/Debug/.obj/__/__/__/__/__/__/drivers/hc32_ll_driver/src/hc32_ll_interrupts.o
 *(COMMON)
                0x1fff8208                . = ALIGN (0x4)
                0x1fff8208                _ebss = .
                0x1fff8208                __bss_end__ = _ebss

.ret_ram_bss    0x200f0000        0x0
                0x200f0000                . = ALIGN (0x4)
                0x200f0000                __bss_start_ret_ram__ = .
 *(.ret_ram_bss)
 *(.ret_ram_bss*)
                0x200f0000                . = ALIGN (0x4)
                0x200f0000                __bss_end_ret_ram__ = .

.heap_stack     0x1fff8208     0x1000
                0x1fff8208                . = ALIGN (0x8)
                0x1fff8208                __end__ = .
                0x1fff8208                PROVIDE (end = .)
                [!provide]                PROVIDE (_end = .)
 *(.heap*)
 .heap          0x1fff8208      0x400 ./build/Debug/.obj/startup_hc32f460.o
                0x1fff8208                __HeapBase
                0x1fff8608                . = ALIGN (0x8)
                0x1fff8608                __HeapLimit = .
                0x1fff8608                __StackLimit = .
 *(.stack*)
 .stack         0x1fff8608      0xc00 ./build/Debug/.obj/startup_hc32f460.o
                0x1fff9208                . = ALIGN (0x8)
                0x1fff9208                __StackTop = .

/DISCARD/
 libc.a(*)
 libm.a(*)
 libgcc.a(*)

.ARM.attributes
                0x00000000       0x32
 *(.ARM.attributes)
 .ARM.attributes
                0x00000000       0x34 ./build/Debug/.obj/__/__/__/__/__/__/drivers/bsp/ev_hc32f460_lqfp100_v2/ev_hc32f460_lqfp100_v2.o
 .ARM.attributes
                0x00000034       0x34 ./build/Debug/.obj/__/__/__/__/__/__/drivers/cmsis/Device/HDSC/hc32f4xx/Source/system_hc32f460.o
 .ARM.attributes
                0x00000068       0x34 ./build/Debug/.obj/__/__/__/__/__/__/drivers/hc32_ll_driver/src/hc32_ll.o
 .ARM.attributes
                0x0000009c       0x34 ./build/Debug/.obj/__/__/__/__/__/__/drivers/hc32_ll_driver/src/hc32_ll_clk.o
 .ARM.attributes
                0x000000d0       0x34 ./build/Debug/.obj/__/__/__/__/__/__/drivers/hc32_ll_driver/src/hc32_ll_efm.o
 .ARM.attributes
                0x00000104       0x34 ./build/Debug/.obj/__/__/__/__/__/__/drivers/hc32_ll_driver/src/hc32_ll_fcg.o
 .ARM.attributes
                0x00000138       0x34 ./build/Debug/.obj/__/__/__/__/__/__/drivers/hc32_ll_driver/src/hc32_ll_gpio.o
 .ARM.attributes
                0x0000016c       0x34 ./build/Debug/.obj/__/__/__/__/__/__/drivers/hc32_ll_driver/src/hc32_ll_icg.o
 .ARM.attributes
                0x000001a0       0x34 ./build/Debug/.obj/__/__/__/__/__/__/drivers/hc32_ll_driver/src/hc32_ll_interrupts.o
 .ARM.attributes
                0x000001d4       0x34 ./build/Debug/.obj/__/__/__/__/__/__/drivers/hc32_ll_driver/src/hc32_ll_pwc.o
 .ARM.attributes
                0x00000208       0x34 ./build/Debug/.obj/__/__/__/__/__/__/drivers/hc32_ll_driver/src/hc32_ll_sram.o
 .ARM.attributes
                0x0000023c       0x34 ./build/Debug/.obj/__/__/__/__/__/__/drivers/hc32_ll_driver/src/hc32_ll_usart.o
 .ARM.attributes
                0x00000270       0x34 ./build/Debug/.obj/__/__/__/__/__/__/drivers/hc32_ll_driver/src/hc32_ll_utility.o
 .ARM.attributes
                0x000002a4       0x34 ./build/Debug/.obj/__/source/main.o
 .ARM.attributes
                0x000002d8       0x21 ./build/Debug/.obj/startup_hc32f460.o
 .ARM.attributes
                0x000002f9       0x1e c:/gcc/gcc-arm-none-eabi-10.3-2021.10/bin/../lib/gcc/arm-none-eabi/10.3.1/thumb/v7e-m+fp/hard\libgcc.a(_arm_addsubdf3.o)
 .ARM.attributes
                0x00000317       0x1e c:/gcc/gcc-arm-none-eabi-10.3-2021.10/bin/../lib/gcc/arm-none-eabi/10.3.1/thumb/v7e-m+fp/hard\libgcc.a(_arm_muldivdf3.o)
 .ARM.attributes
                0x00000335       0x1e c:/gcc/gcc-arm-none-eabi-10.3-2021.10/bin/../lib/gcc/arm-none-eabi/10.3.1/thumb/v7e-m+fp/hard\libgcc.a(_arm_truncdfsf2.o)
 .ARM.attributes
                0x00000353       0x1e c:/gcc/gcc-arm-none-eabi-10.3-2021.10/bin/../lib/gcc/arm-none-eabi/10.3.1/thumb/v7e-m+fp/hard\libgcc.a(_aeabi_uldivmod.o)
 .ARM.attributes
                0x00000371       0x34 c:/gcc/gcc-arm-none-eabi-10.3-2021.10/bin/../lib/gcc/arm-none-eabi/10.3.1/thumb/v7e-m+fp/hard\libgcc.a(_udivmoddi4.o)
 .ARM.attributes
                0x000003a5       0x1e c:/gcc/gcc-arm-none-eabi-10.3-2021.10/bin/../lib/gcc/arm-none-eabi/10.3.1/thumb/v7e-m+fp/hard\libgcc.a(_dvmd_tls.o)
                [!provide]                PROVIDE (_stack = __StackTop)
                [!provide]                PROVIDE (_Min_Heap_Size = (__HeapLimit - __HeapBase))
                [!provide]                PROVIDE (_Min_Stack_Size = (__StackTop - __StackLimit))
                0x20027000                __RamEnd = (ORIGIN (RAM) + LENGTH (RAM))
                0x00000001                ASSERT ((__StackTop <= __RamEnd), region RAM overflowed with stack)
OUTPUT(./build/Debug/usart_uart_polling.elf elf32-littlearm)
LOAD linker stubs
LOAD c:/gcc/gcc-arm-none-eabi-10.3-2021.10/bin/../lib/gcc/arm-none-eabi/10.3.1/../../../../arm-none-eabi/lib/thumb/v7e-m+fp/hard\libc.a
LOAD c:/gcc/gcc-arm-none-eabi-10.3-2021.10/bin/../lib/gcc/arm-none-eabi/10.3.1/../../../../arm-none-eabi/lib/thumb/v7e-m+fp/hard\libm.a
LOAD c:/gcc/gcc-arm-none-eabi-10.3-2021.10/bin/../lib/gcc/arm-none-eabi/10.3.1/thumb/v7e-m+fp/hard\libgcc.a

.debug_info     0x00000000    0x12dc8
 .debug_info    0x00000000     0x15e0 ./build/Debug/.obj/__/__/__/__/__/__/drivers/bsp/ev_hc32f460_lqfp100_v2/ev_hc32f460_lqfp100_v2.o
 .debug_info    0x000015e0      0x655 ./build/Debug/.obj/__/__/__/__/__/__/drivers/cmsis/Device/HDSC/hc32f4xx/Source/system_hc32f460.o
 .debug_info    0x00001c35     0x1349 ./build/Debug/.obj/__/__/__/__/__/__/drivers/hc32_ll_driver/src/hc32_ll.o
 .debug_info    0x00002f7e     0x170f ./build/Debug/.obj/__/__/__/__/__/__/drivers/hc32_ll_driver/src/hc32_ll_clk.o
 .debug_info    0x0000468d     0x13d9 ./build/Debug/.obj/__/__/__/__/__/__/drivers/hc32_ll_driver/src/hc32_ll_efm.o
 .debug_info    0x00005a66      0x490 ./build/Debug/.obj/__/__/__/__/__/__/drivers/hc32_ll_driver/src/hc32_ll_fcg.o
 .debug_info    0x00005ef6     0x1402 ./build/Debug/.obj/__/__/__/__/__/__/drivers/hc32_ll_driver/src/hc32_ll_gpio.o
 .debug_info    0x000072f8       0xbd ./build/Debug/.obj/__/__/__/__/__/__/drivers/hc32_ll_driver/src/hc32_ll_icg.o
 .debug_info    0x000073b5     0x283f ./build/Debug/.obj/__/__/__/__/__/__/drivers/hc32_ll_driver/src/hc32_ll_interrupts.o
 .debug_info    0x00009bf4     0x4764 ./build/Debug/.obj/__/__/__/__/__/__/drivers/hc32_ll_driver/src/hc32_ll_pwc.o
 .debug_info    0x0000e358      0x748 ./build/Debug/.obj/__/__/__/__/__/__/drivers/hc32_ll_driver/src/hc32_ll_sram.o
 .debug_info    0x0000eaa0     0x1b75 ./build/Debug/.obj/__/__/__/__/__/__/drivers/hc32_ll_driver/src/hc32_ll_usart.o
 .debug_info    0x00010615      0xd33 ./build/Debug/.obj/__/__/__/__/__/__/drivers/hc32_ll_driver/src/hc32_ll_utility.o
 .debug_info    0x00011348     0x1a5e ./build/Debug/.obj/__/source/main.o
 .debug_info    0x00012da6       0x22 ./build/Debug/.obj/startup_hc32f460.o

.debug_abbrev   0x00000000     0x1b57
 .debug_abbrev  0x00000000      0x29a ./build/Debug/.obj/__/__/__/__/__/__/drivers/bsp/ev_hc32f460_lqfp100_v2/ev_hc32f460_lqfp100_v2.o
 .debug_abbrev  0x0000029a      0x12b ./build/Debug/.obj/__/__/__/__/__/__/drivers/cmsis/Device/HDSC/hc32f4xx/Source/system_hc32f460.o
 .debug_abbrev  0x000003c5      0x14a ./build/Debug/.obj/__/__/__/__/__/__/drivers/hc32_ll_driver/src/hc32_ll.o
 .debug_abbrev  0x0000050f      0x259 ./build/Debug/.obj/__/__/__/__/__/__/drivers/hc32_ll_driver/src/hc32_ll_clk.o
 .debug_abbrev  0x00000768      0x263 ./build/Debug/.obj/__/__/__/__/__/__/drivers/hc32_ll_driver/src/hc32_ll_efm.o
 .debug_abbrev  0x000009cb       0xfe ./build/Debug/.obj/__/__/__/__/__/__/drivers/hc32_ll_driver/src/hc32_ll_fcg.o
 .debug_abbrev  0x00000ac9      0x1b2 ./build/Debug/.obj/__/__/__/__/__/__/drivers/hc32_ll_driver/src/hc32_ll_gpio.o
 .debug_abbrev  0x00000c7b       0x61 ./build/Debug/.obj/__/__/__/__/__/__/drivers/hc32_ll_driver/src/hc32_ll_icg.o
 .debug_abbrev  0x00000cdc      0x2f1 ./build/Debug/.obj/__/__/__/__/__/__/drivers/hc32_ll_driver/src/hc32_ll_interrupts.o
 .debug_abbrev  0x00000fcd      0x2ad ./build/Debug/.obj/__/__/__/__/__/__/drivers/hc32_ll_driver/src/hc32_ll_pwc.o
 .debug_abbrev  0x0000127a      0x1a5 ./build/Debug/.obj/__/__/__/__/__/__/drivers/hc32_ll_driver/src/hc32_ll_sram.o
 .debug_abbrev  0x0000141f      0x20c ./build/Debug/.obj/__/__/__/__/__/__/drivers/hc32_ll_driver/src/hc32_ll_usart.o
 .debug_abbrev  0x0000162b      0x234 ./build/Debug/.obj/__/__/__/__/__/__/drivers/hc32_ll_driver/src/hc32_ll_utility.o
 .debug_abbrev  0x0000185f      0x2e6 ./build/Debug/.obj/__/source/main.o
 .debug_abbrev  0x00001b45       0x12 ./build/Debug/.obj/startup_hc32f460.o

.debug_aranges  0x00000000      0xe38
 .debug_aranges
                0x00000000       0xa0 ./build/Debug/.obj/__/__/__/__/__/__/drivers/bsp/ev_hc32f460_lqfp100_v2/ev_hc32f460_lqfp100_v2.o
 .debug_aranges
                0x000000a0       0x28 ./build/Debug/.obj/__/__/__/__/__/__/drivers/cmsis/Device/HDSC/hc32f4xx/Source/system_hc32f460.o
 .debug_aranges
                0x000000c8       0x78 ./build/Debug/.obj/__/__/__/__/__/__/drivers/hc32_ll_driver/src/hc32_ll.o
 .debug_aranges
                0x00000140      0x168 ./build/Debug/.obj/__/__/__/__/__/__/drivers/hc32_ll_driver/src/hc32_ll_clk.o
 .debug_aranges
                0x000002a8      0x118 ./build/Debug/.obj/__/__/__/__/__/__/drivers/hc32_ll_driver/src/hc32_ll_efm.o
 .debug_aranges
                0x000003c0       0x38 ./build/Debug/.obj/__/__/__/__/__/__/drivers/hc32_ll_driver/src/hc32_ll_fcg.o
 .debug_aranges
                0x000003f8       0xa8 ./build/Debug/.obj/__/__/__/__/__/__/drivers/hc32_ll_driver/src/hc32_ll_gpio.o
 .debug_aranges
                0x000004a0       0x18 ./build/Debug/.obj/__/__/__/__/__/__/drivers/hc32_ll_driver/src/hc32_ll_icg.o
 .debug_aranges
                0x000004b8      0x4b0 ./build/Debug/.obj/__/__/__/__/__/__/drivers/hc32_ll_driver/src/hc32_ll_interrupts.o
 .debug_aranges
                0x00000968      0x1c0 ./build/Debug/.obj/__/__/__/__/__/__/drivers/hc32_ll_driver/src/hc32_ll_pwc.o
 .debug_aranges
                0x00000b28       0x50 ./build/Debug/.obj/__/__/__/__/__/__/drivers/hc32_ll_driver/src/hc32_ll_sram.o
 .debug_aranges
                0x00000b78      0x198 ./build/Debug/.obj/__/__/__/__/__/__/drivers/hc32_ll_driver/src/hc32_ll_usart.o
 .debug_aranges
                0x00000d10       0x70 ./build/Debug/.obj/__/__/__/__/__/__/drivers/hc32_ll_driver/src/hc32_ll_utility.o
 .debug_aranges
                0x00000d80       0x90 ./build/Debug/.obj/__/source/main.o
 .debug_aranges
                0x00000e10       0x28 ./build/Debug/.obj/startup_hc32f460.o

.debug_ranges   0x00000000      0xd48
 .debug_ranges  0x00000000       0x90 ./build/Debug/.obj/__/__/__/__/__/__/drivers/bsp/ev_hc32f460_lqfp100_v2/ev_hc32f460_lqfp100_v2.o
 .debug_ranges  0x00000090       0x18 ./build/Debug/.obj/__/__/__/__/__/__/drivers/cmsis/Device/HDSC/hc32f4xx/Source/system_hc32f460.o
 .debug_ranges  0x000000a8       0x68 ./build/Debug/.obj/__/__/__/__/__/__/drivers/hc32_ll_driver/src/hc32_ll.o
 .debug_ranges  0x00000110      0x158 ./build/Debug/.obj/__/__/__/__/__/__/drivers/hc32_ll_driver/src/hc32_ll_clk.o
 .debug_ranges  0x00000268      0x108 ./build/Debug/.obj/__/__/__/__/__/__/drivers/hc32_ll_driver/src/hc32_ll_efm.o
 .debug_ranges  0x00000370       0x28 ./build/Debug/.obj/__/__/__/__/__/__/drivers/hc32_ll_driver/src/hc32_ll_fcg.o
 .debug_ranges  0x00000398       0x98 ./build/Debug/.obj/__/__/__/__/__/__/drivers/hc32_ll_driver/src/hc32_ll_gpio.o
 .debug_ranges  0x00000430      0x4a0 ./build/Debug/.obj/__/__/__/__/__/__/drivers/hc32_ll_driver/src/hc32_ll_interrupts.o
 .debug_ranges  0x000008d0      0x1b0 ./build/Debug/.obj/__/__/__/__/__/__/drivers/hc32_ll_driver/src/hc32_ll_pwc.o
 .debug_ranges  0x00000a80       0x40 ./build/Debug/.obj/__/__/__/__/__/__/drivers/hc32_ll_driver/src/hc32_ll_sram.o
 .debug_ranges  0x00000ac0      0x188 ./build/Debug/.obj/__/__/__/__/__/__/drivers/hc32_ll_driver/src/hc32_ll_usart.o
 .debug_ranges  0x00000c48       0x60 ./build/Debug/.obj/__/__/__/__/__/__/drivers/hc32_ll_driver/src/hc32_ll_utility.o
 .debug_ranges  0x00000ca8       0x80 ./build/Debug/.obj/__/source/main.o
 .debug_ranges  0x00000d28       0x20 ./build/Debug/.obj/startup_hc32f460.o

.debug_line     0x00000000     0x7c9c
 .debug_line    0x00000000      0x639 ./build/Debug/.obj/__/__/__/__/__/__/drivers/bsp/ev_hc32f460_lqfp100_v2/ev_hc32f460_lqfp100_v2.o
 .debug_line    0x00000639      0x254 ./build/Debug/.obj/__/__/__/__/__/__/drivers/cmsis/Device/HDSC/hc32f4xx/Source/system_hc32f460.o
 .debug_line    0x0000088d      0x369 ./build/Debug/.obj/__/__/__/__/__/__/drivers/hc32_ll_driver/src/hc32_ll.o
 .debug_line    0x00000bf6     0x10f5 ./build/Debug/.obj/__/__/__/__/__/__/drivers/hc32_ll_driver/src/hc32_ll_clk.o
 .debug_line    0x00001ceb      0xb4d ./build/Debug/.obj/__/__/__/__/__/__/drivers/hc32_ll_driver/src/hc32_ll_efm.o
 .debug_line    0x00002838      0x287 ./build/Debug/.obj/__/__/__/__/__/__/drivers/hc32_ll_driver/src/hc32_ll_fcg.o
 .debug_line    0x00002abf      0x7e7 ./build/Debug/.obj/__/__/__/__/__/__/drivers/hc32_ll_driver/src/hc32_ll_gpio.o
 .debug_line    0x000032a6      0x102 ./build/Debug/.obj/__/__/__/__/__/__/drivers/hc32_ll_driver/src/hc32_ll_icg.o
 .debug_line    0x000033a8     0x158f ./build/Debug/.obj/__/__/__/__/__/__/drivers/hc32_ll_driver/src/hc32_ll_interrupts.o
 .debug_line    0x00004937     0x1215 ./build/Debug/.obj/__/__/__/__/__/__/drivers/hc32_ll_driver/src/hc32_ll_pwc.o
 .debug_line    0x00005b4c      0x319 ./build/Debug/.obj/__/__/__/__/__/__/drivers/hc32_ll_driver/src/hc32_ll_sram.o
 .debug_line    0x00005e65     0x1453 ./build/Debug/.obj/__/__/__/__/__/__/drivers/hc32_ll_driver/src/hc32_ll_usart.o
 .debug_line    0x000072b8      0x3a2 ./build/Debug/.obj/__/__/__/__/__/__/drivers/hc32_ll_driver/src/hc32_ll_utility.o
 .debug_line    0x0000765a      0x5a4 ./build/Debug/.obj/__/source/main.o
 .debug_line    0x00007bfe       0x9e ./build/Debug/.obj/startup_hc32f460.o

.debug_str      0x00000000     0x6b8f
 .debug_str     0x00000000     0x21b6 ./build/Debug/.obj/__/__/__/__/__/__/drivers/bsp/ev_hc32f460_lqfp100_v2/ev_hc32f460_lqfp100_v2.o
                               0x225d (size before relaxing)
 .debug_str     0x000021b6      0x20a ./build/Debug/.obj/__/__/__/__/__/__/drivers/cmsis/Device/HDSC/hc32f4xx/Source/system_hc32f460.o
                                0x4d9 (size before relaxing)
 .debug_str     0x000023c0      0x7c2 ./build/Debug/.obj/__/__/__/__/__/__/drivers/hc32_ll_driver/src/hc32_ll.o
                                0xaa3 (size before relaxing)
 .debug_str     0x00002b82      0x5ee ./build/Debug/.obj/__/__/__/__/__/__/drivers/hc32_ll_driver/src/hc32_ll_clk.o
                                0xbaa (size before relaxing)
 .debug_str     0x00003170      0x55b ./build/Debug/.obj/__/__/__/__/__/__/drivers/hc32_ll_driver/src/hc32_ll_efm.o
                                0xa32 (size before relaxing)
 .debug_str     0x000036cb       0xd1 ./build/Debug/.obj/__/__/__/__/__/__/drivers/hc32_ll_driver/src/hc32_ll_fcg.o
                                0x44e (size before relaxing)
 .debug_str     0x0000379c      0x23d ./build/Debug/.obj/__/__/__/__/__/__/drivers/hc32_ll_driver/src/hc32_ll_gpio.o
                                0xb4a (size before relaxing)
 .debug_str     0x000039d9       0x49 ./build/Debug/.obj/__/__/__/__/__/__/drivers/hc32_ll_driver/src/hc32_ll_icg.o
                                0x254 (size before relaxing)
 .debug_str     0x00003a22      0xd41 ./build/Debug/.obj/__/__/__/__/__/__/drivers/hc32_ll_driver/src/hc32_ll_interrupts.o
                               0x2ce4 (size before relaxing)
 .debug_str     0x00004763     0x13e4 ./build/Debug/.obj/__/__/__/__/__/__/drivers/hc32_ll_driver/src/hc32_ll_pwc.o
                               0x3b11 (size before relaxing)
 .debug_str     0x00005b47      0x374 ./build/Debug/.obj/__/__/__/__/__/__/drivers/hc32_ll_driver/src/hc32_ll_sram.o
                                0x633 (size before relaxing)
 .debug_str     0x00005ebb      0x733 ./build/Debug/.obj/__/__/__/__/__/__/drivers/hc32_ll_driver/src/hc32_ll_usart.o
                                0xbae (size before relaxing)
 .debug_str     0x000065ee      0x142 ./build/Debug/.obj/__/__/__/__/__/__/drivers/hc32_ll_driver/src/hc32_ll_utility.o
                                0xd3d (size before relaxing)
 .debug_str     0x00006730      0x43c ./build/Debug/.obj/__/source/main.o
                               0x239b (size before relaxing)
 .debug_str     0x00006b6c       0x23 ./build/Debug/.obj/startup_hc32f460.o
                                 0x9a (size before relaxing)

.comment        0x00000000       0x49
 .comment       0x00000000       0x49 ./build/Debug/.obj/__/__/__/__/__/__/drivers/bsp/ev_hc32f460_lqfp100_v2/ev_hc32f460_lqfp100_v2.o
                                 0x4a (size before relaxing)
 .comment       0x00000049       0x4a ./build/Debug/.obj/__/__/__/__/__/__/drivers/cmsis/Device/HDSC/hc32f4xx/Source/system_hc32f460.o
 .comment       0x00000049       0x4a ./build/Debug/.obj/__/__/__/__/__/__/drivers/hc32_ll_driver/src/hc32_ll.o
 .comment       0x00000049       0x4a ./build/Debug/.obj/__/__/__/__/__/__/drivers/hc32_ll_driver/src/hc32_ll_clk.o
 .comment       0x00000049       0x4a ./build/Debug/.obj/__/__/__/__/__/__/drivers/hc32_ll_driver/src/hc32_ll_efm.o
 .comment       0x00000049       0x4a ./build/Debug/.obj/__/__/__/__/__/__/drivers/hc32_ll_driver/src/hc32_ll_fcg.o
 .comment       0x00000049       0x4a ./build/Debug/.obj/__/__/__/__/__/__/drivers/hc32_ll_driver/src/hc32_ll_gpio.o
 .comment       0x00000049       0x4a ./build/Debug/.obj/__/__/__/__/__/__/drivers/hc32_ll_driver/src/hc32_ll_icg.o
 .comment       0x00000049       0x4a ./build/Debug/.obj/__/__/__/__/__/__/drivers/hc32_ll_driver/src/hc32_ll_interrupts.o
 .comment       0x00000049       0x4a ./build/Debug/.obj/__/__/__/__/__/__/drivers/hc32_ll_driver/src/hc32_ll_pwc.o
 .comment       0x00000049       0x4a ./build/Debug/.obj/__/__/__/__/__/__/drivers/hc32_ll_driver/src/hc32_ll_sram.o
 .comment       0x00000049       0x4a ./build/Debug/.obj/__/__/__/__/__/__/drivers/hc32_ll_driver/src/hc32_ll_usart.o
 .comment       0x00000049       0x4a ./build/Debug/.obj/__/__/__/__/__/__/drivers/hc32_ll_driver/src/hc32_ll_utility.o
 .comment       0x00000049       0x4a ./build/Debug/.obj/__/source/main.o

.debug_frame    0x00000000     0x3824
 .debug_frame   0x00000000      0x278 ./build/Debug/.obj/__/__/__/__/__/__/drivers/bsp/ev_hc32f460_lqfp100_v2/ev_hc32f460_lqfp100_v2.o
 .debug_frame   0x00000278       0x54 ./build/Debug/.obj/__/__/__/__/__/__/drivers/cmsis/Device/HDSC/hc32f4xx/Source/system_hc32f460.o
 .debug_frame   0x000002cc      0x1a8 ./build/Debug/.obj/__/__/__/__/__/__/drivers/hc32_ll_driver/src/hc32_ll.o
 .debug_frame   0x00000474      0x618 ./build/Debug/.obj/__/__/__/__/__/__/drivers/hc32_ll_driver/src/hc32_ll_clk.o
 .debug_frame   0x00000a8c      0x490 ./build/Debug/.obj/__/__/__/__/__/__/drivers/hc32_ll_driver/src/hc32_ll_efm.o
 .debug_frame   0x00000f1c       0xa0 ./build/Debug/.obj/__/__/__/__/__/__/drivers/hc32_ll_driver/src/hc32_ll_fcg.o
 .debug_frame   0x00000fbc      0x2a0 ./build/Debug/.obj/__/__/__/__/__/__/drivers/hc32_ll_driver/src/hc32_ll_gpio.o
 .debug_frame   0x0000125c     0x10d4 ./build/Debug/.obj/__/__/__/__/__/__/drivers/hc32_ll_driver/src/hc32_ll_interrupts.o
 .debug_frame   0x00002330      0x760 ./build/Debug/.obj/__/__/__/__/__/__/drivers/hc32_ll_driver/src/hc32_ll_pwc.o
 .debug_frame   0x00002a90      0x104 ./build/Debug/.obj/__/__/__/__/__/__/drivers/hc32_ll_driver/src/hc32_ll_sram.o
 .debug_frame   0x00002b94      0x740 ./build/Debug/.obj/__/__/__/__/__/__/drivers/hc32_ll_driver/src/hc32_ll_usart.o
 .debug_frame   0x000032d4      0x190 ./build/Debug/.obj/__/__/__/__/__/__/drivers/hc32_ll_driver/src/hc32_ll_utility.o
 .debug_frame   0x00003464      0x240 ./build/Debug/.obj/__/source/main.o
 .debug_frame   0x000036a4       0xac c:/gcc/gcc-arm-none-eabi-10.3-2021.10/bin/../lib/gcc/arm-none-eabi/10.3.1/thumb/v7e-m+fp/hard\libgcc.a(_arm_addsubdf3.o)
 .debug_frame   0x00003750       0x50 c:/gcc/gcc-arm-none-eabi-10.3-2021.10/bin/../lib/gcc/arm-none-eabi/10.3.1/thumb/v7e-m+fp/hard\libgcc.a(_arm_muldivdf3.o)
 .debug_frame   0x000037a0       0x24 c:/gcc/gcc-arm-none-eabi-10.3-2021.10/bin/../lib/gcc/arm-none-eabi/10.3.1/thumb/v7e-m+fp/hard\libgcc.a(_arm_truncdfsf2.o)
 .debug_frame   0x000037c4       0x2c c:/gcc/gcc-arm-none-eabi-10.3-2021.10/bin/../lib/gcc/arm-none-eabi/10.3.1/thumb/v7e-m+fp/hard\libgcc.a(_aeabi_uldivmod.o)
 .debug_frame   0x000037f0       0x34 c:/gcc/gcc-arm-none-eabi-10.3-2021.10/bin/../lib/gcc/arm-none-eabi/10.3.1/thumb/v7e-m+fp/hard\libgcc.a(_udivmoddi4.o)
